// Jest Snapshot v1, https://goo.gl/fbAQLP

exports[`openapi spec creator creates the openapi spec 1`] = `
Object {
  "externalDocs": Object {
    "url": "https://partner.steamgames.com/doc/webapi",
  },
  "info": Object {
    "title": "Steamworks Web API",
    "version": "1.0.0",
  },
  "openapi": "3.0.3",
  "paths": Object {
    "/IGCVersion_1046930/GetClientVersion/v1": Object {
      "get": Object {
        "externalDocs": Object {
          "url": "https://partner.steamgames.com/doc/webapi/IGCVersion_1046930#GetClientVersion",
        },
        "parameters": Array [],
        "responses": Object {
          "200": Object {
            "description": "successful",
          },
        },
        "tags": Array [
          "IGCVersion",
        ],
      },
    },
    "/IGCVersion_1046930/GetServerVersion/v1": Object {
      "get": Object {
        "externalDocs": Object {
          "url": "https://partner.steamgames.com/doc/webapi/IGCVersion_1046930#GetServerVersion",
        },
        "parameters": Array [],
        "responses": Object {
          "200": Object {
            "description": "successful",
          },
        },
        "tags": Array [
          "IGCVersion",
        ],
      },
    },
    "/IGCVersion_1269260/GetClientVersion/v1": Object {
      "get": Object {
        "externalDocs": Object {
          "url": "https://partner.steamgames.com/doc/webapi/IGCVersion_1269260#GetClientVersion",
        },
        "parameters": Array [],
        "responses": Object {
          "200": Object {
            "description": "successful",
          },
        },
        "tags": Array [
          "IGCVersion",
        ],
      },
    },
    "/IGCVersion_1269260/GetServerVersion/v1": Object {
      "get": Object {
        "externalDocs": Object {
          "url": "https://partner.steamgames.com/doc/webapi/IGCVersion_1269260#GetServerVersion",
        },
        "parameters": Array [],
        "responses": Object {
          "200": Object {
            "description": "successful",
          },
        },
        "tags": Array [
          "IGCVersion",
        ],
      },
    },
    "/IPortal2Leaderboards_620/GetBucketizedData/v1": Object {
      "get": Object {
        "externalDocs": Object {
          "url": "https://partner.steamgames.com/doc/webapi/IPortal2Leaderboards_620#GetBucketizedData",
        },
        "parameters": Array [
          Object {
            "description": "The leaderboard name to fetch data for.",
            "in": "query",
            "name": "leaderboardName",
            "required": true,
            "schema": Object {
              "type": "string",
            },
          },
        ],
        "responses": Object {
          "200": Object {
            "description": "successful",
          },
        },
        "tags": Array [
          "IPortal2Leaderboards",
        ],
      },
    },
  },
  "servers": Array [
    Object {
      "url": "https://api.steampowered.com",
    },
  ],
}
`;
